20:13:09 **** Incremental Build of configuration Debug for project MKS4 ****
make -j8 all 
arm-none-eabi-gcc "../Core/Src/sct.c" -mcpu=cortex-m0 -std=gnu11 -g3 -DDEBUG -DUSE_HAL_DRIVER -DSTM32F030x8 -c -I../Core/Inc -I../Drivers/STM32F0xx_HAL_Driver/Inc -I../Drivers/STM32F0xx_HAL_Driver/Inc/Legacy -I../Drivers/CMSIS/Device/ST/STM32F0xx/Include -I../Drivers/CMSIS/Include -O0 -ffunction-sections -fdata-sections -Wall -fstack-usage -fcyclomatic-complexity -MMD -MP -MF"Core/Src/sct.d" -MT"Core/Src/sct.o" --specs=nano.specs -mfloat-abi=soft -mthumb -o "Core/Src/sct.o"
arm-none-eabi-gcc -o "MKS4.elf" @"objects.list"   -mcpu=cortex-m0 -T"C:\Users\david.hamran\Documents\github\MPA-MKS\MKS4\STM32F030R8TX_FLASH.ld" --specs=nosys.specs -Wl,-Map="MKS4.map" -Wl,--gc-sections -static --specs=nano.specs -mfloat-abi=soft -mthumb -Wl,--start-group -lc -lm -Wl,--end-group
Finished building target: MKS4.elf
 
arm-none-eabi-size  MKS4.elf 
arm-none-eabi-objdump -h -S MKS4.elf  > "MKS4.list"
   text	   data	    bss	    dec	    hex	filename
  11092	     16	   1792	  12900	   3264	MKS4.elf
Finished building: default.size.stdout
 
Finished building: MKS4.list
 
20:13:16 **** Incremental Build of configuration Debug for project MKS4 ****
make -j8 all 
arm-none-eabi-size  MKS4.elf 
   text	   data	    bss	    dec	    hex	filename
  11092	     16	   1792	  12900	   3264	MKS4.elf
Finished building: default.size.stdout
 
20:13:48 **** Incremental Build of configuration Debug for project MKS4 ****
make -j8 all 
arm-none-eabi-gcc "../Core/Src/sct.c" -mcpu=cortex-m0 -std=gnu11 -g3 -DDEBUG -DUSE_HAL_DRIVER -DSTM32F030x8 -c -I../Core/Inc -I../Drivers/STM32F0xx_HAL_Driver/Inc -I../Drivers/STM32F0xx_HAL_Driver/Inc/Legacy -I../Drivers/CMSIS/Device/ST/STM32F0xx/Include -I../Drivers/CMSIS/Include -O0 -ffunction-sections -fdata-sections -Wall -fstack-usage -fcyclomatic-complexity -MMD -MP -MF"Core/Src/sct.d" -MT"Core/Src/sct.o" --specs=nano.specs -mfloat-abi=soft -mthumb -o "Core/Src/sct.o"
arm-none-eabi-gcc -o "MKS4.elf" @"objects.list"   -mcpu=cortex-m0 -T"C:\Users\david.hamran\Documents\github\MPA-MKS\MKS4\STM32F030R8TX_FLASH.ld" --specs=nosys.specs -Wl,-Map="MKS4.map" -Wl,--gc-sections -static --specs=nano.specs -mfloat-abi=soft -mthumb -Wl,--start-group -lc -lm -Wl,--end-group
Finished building target: MKS4.elf
 
arm-none-eabi-size  MKS4.elf 
arm-none-eabi-objdump -h -S MKS4.elf  > "MKS4.list"
   text	   data	    bss	    dec	    hex	filename
  11092	     16	   1792	  12900	   3264	MKS4.elf
Finished building: default.size.stdout
 
Finished building: MKS4.list
 
20:15:08 **** Incremental Build of configuration Debug for project MKS4 ****
make -j8 all 
arm-none-eabi-gcc "../Core/Src/main.c" -mcpu=cortex-m0 -std=gnu11 -g3 -DDEBUG -DUSE_HAL_DRIVER -DSTM32F030x8 -c -I../Core/Inc -I../Drivers/STM32F0xx_HAL_Driver/Inc -I../Drivers/STM32F0xx_HAL_Driver/Inc/Legacy -I../Drivers/CMSIS/Device/ST/STM32F0xx/Include -I../Drivers/CMSIS/Include -O0 -ffunction-sections -fdata-sections -Wall -fstack-usage -fcyclomatic-complexity -MMD -MP -MF"Core/Src/main.d" -MT"Core/Src/main.o" --specs=nano.specs -mfloat-abi=soft -mthumb -o "Core/Src/main.o"
arm-none-eabi-gcc "../Core/Src/sct.c" -mcpu=cortex-m0 -std=gnu11 -g3 -DDEBUG -DUSE_HAL_DRIVER -DSTM32F030x8 -c -I../Core/Inc -I../Drivers/STM32F0xx_HAL_Driver/Inc -I../Drivers/STM32F0xx_HAL_Driver/Inc/Legacy -I../Drivers/CMSIS/Device/ST/STM32F0xx/Include -I../Drivers/CMSIS/Include -O0 -ffunction-sections -fdata-sections -Wall -fstack-usage -fcyclomatic-complexity -MMD -MP -MF"Core/Src/sct.d" -MT"Core/Src/sct.o" --specs=nano.specs -mfloat-abi=soft -mthumb -o "Core/Src/sct.o"
../Core/Src/main.c: In function 'main':
../Core/Src/main.c:136:18: warning: unused variable 'last_update_control' [-Wunused-variable]
  136 |         uint32_t last_update_control = 0;
      |                  ^~~~~~~~~~~~~~~~~~~
arm-none-eabi-gcc -o "MKS4.elf" @"objects.list"   -mcpu=cortex-m0 -T"C:\Users\david.hamran\Documents\github\MPA-MKS\MKS4\STM32F030R8TX_FLASH.ld" --specs=nosys.specs -Wl,-Map="MKS4.map" -Wl,--gc-sections -static --specs=nano.specs -mfloat-abi=soft -mthumb -Wl,--start-group -lc -lm -Wl,--end-group
Finished building target: MKS4.elf
 
arm-none-eabi-size  MKS4.elf 
arm-none-eabi-objdump -h -S MKS4.elf  > "MKS4.list"
   text	   data	    bss	    dec	    hex	filename
  10992	     12	   1788	  12792	   31f8	MKS4.elf
Finished building: default.size.stdout
 
Finished building: MKS4.list
 
21:12:06 **** Incremental Build of configuration Debug for project MKS4 ****
make -j8 all 
arm-none-eabi-gcc "../Core/Src/main.c" -mcpu=cortex-m0 -std=gnu11 -g3 -DDEBUG -DUSE_HAL_DRIVER -DSTM32F030x8 -c -I../Core/Inc -I../Drivers/STM32F0xx_HAL_Driver/Inc -I../Drivers/STM32F0xx_HAL_Driver/Inc/Legacy -I../Drivers/CMSIS/Device/ST/STM32F0xx/Include -I../Drivers/CMSIS/Include -O0 -ffunction-sections -fdata-sections -Wall -fstack-usage -fcyclomatic-complexity -MMD -MP -MF"Core/Src/main.d" -MT"Core/Src/main.o" --specs=nano.specs -mfloat-abi=soft -mthumb -o "Core/Src/main.o"
arm-none-eabi-gcc -o "MKS4.elf" @"objects.list"   -mcpu=cortex-m0 -T"C:\Users\david.hamran\Documents\github\MPA-MKS\MKS4\STM32F030R8TX_FLASH.ld" --specs=nosys.specs -Wl,-Map="MKS4.map" -Wl,--gc-sections -static --specs=nano.specs -mfloat-abi=soft -mthumb -Wl,--start-group -lc -lm -Wl,--end-group
Finished building target: MKS4.elf
 
arm-none-eabi-size  MKS4.elf 
arm-none-eabi-objdump -h -S MKS4.elf  > "MKS4.list"
   text	   data	    bss	    dec	    hex	filename
  10988	     12	   1788	  12788	   31f4	MKS4.elf
Finished building: default.size.stdout
 
Finished building: MKS4.list
 
21:14:23 **** Incremental Build of configuration Debug for project MKS4 ****
make -j8 all 
arm-none-eabi-size  MKS4.elf 
   text	   data	    bss	    dec	    hex	filename
  10988	     12	   1788	  12788	   31f4	MKS4.elf
Finished building: default.size.stdout
 
21:14:57 **** Incremental Build of configuration Debug for project MKS4 ****
make -j8 all 
arm-none-eabi-gcc "../Core/Src/main.c" -mcpu=cortex-m0 -std=gnu11 -g3 -DDEBUG -DUSE_HAL_DRIVER -DSTM32F030x8 -c -I../Core/Inc -I../Drivers/STM32F0xx_HAL_Driver/Inc -I../Drivers/STM32F0xx_HAL_Driver/Inc/Legacy -I../Drivers/CMSIS/Device/ST/STM32F0xx/Include -I../Drivers/CMSIS/Include -O0 -ffunction-sections -fdata-sections -Wall -fstack-usage -fcyclomatic-complexity -MMD -MP -MF"Core/Src/main.d" -MT"Core/Src/main.o" --specs=nano.specs -mfloat-abi=soft -mthumb -o "Core/Src/main.o"
arm-none-eabi-gcc -o "MKS4.elf" @"objects.list"   -mcpu=cortex-m0 -T"C:\Users\david.hamran\Documents\github\MPA-MKS\MKS4\STM32F030R8TX_FLASH.ld" --specs=nosys.specs -Wl,-Map="MKS4.map" -Wl,--gc-sections -static --specs=nano.specs -mfloat-abi=soft -mthumb -Wl,--start-group -lc -lm -Wl,--end-group
Finished building target: MKS4.elf
 
arm-none-eabi-size  MKS4.elf 
arm-none-eabi-objdump -h -S MKS4.elf  > "MKS4.list"
   text	   data	    bss	    dec	    hex	filename
  10984	     12	   1788	  12784	   31f0	MKS4.elf
Finished building: default.size.stdout
 
Finished building: MKS4.list
 
