10:28:04 **** Incremental Build of configuration Debug for project MKS12 ****
make -j8 all 
arm-none-eabi-gcc "../Core/Src/main.c" -mcpu=cortex-m4 -std=gnu11 -g3 -DDEBUG -DUSE_HAL_DRIVER -DSTM32F429xx -c -I../USB_DEVICE/App -I../USB_DEVICE/Target -I../Core/Inc -I../Drivers/STM32F4xx_HAL_Driver/Inc -I../Drivers/STM32F4xx_HAL_Driver/Inc/Legacy -I../Middlewares/ST/STM32_USB_Device_Library/Core/Inc -I../Middlewares/ST/STM32_USB_Device_Library/Class/HID/Inc -I../Drivers/CMSIS/Device/ST/STM32F4xx/Include -I../Drivers/CMSIS/Include -O0 -ffunction-sections -fdata-sections -Wall -fstack-usage -fcyclomatic-complexity -MMD -MP -MF"Core/Src/main.d" -MT"Core/Src/main.o" --specs=nano.specs -mfpu=fpv4-sp-d16 -mfloat-abi=hard -mthumb -o "Core/Src/main.o"
arm-none-eabi-gcc -o "MKS12.elf" @"objects.list"   -mcpu=cortex-m4 -T"C:\Users\david.hamran\Documents\github\MPA-MKS\MKS12\STM32F429ZITX_FLASH.ld" --specs=nosys.specs -Wl,-Map="MKS12.map" -Wl,--gc-sections -static --specs=nano.specs -mfpu=fpv4-sp-d16 -mfloat-abi=hard -mthumb -Wl,--start-group -lc -lm -Wl,--end-group
Finished building target: MKS12.elf
 
arm-none-eabi-size  MKS12.elf 
arm-none-eabi-objdump -h -S MKS12.elf  > "MKS12.list"
   text	   data	    bss	    dec	    hex	filename
  34952	    284	   4164	  39400	   99e8	MKS12.elf
Finished building: default.size.stdout
 
Finished building: MKS12.list
 
10:28:19 **** Incremental Build of configuration Debug for project MKS12 ****
make -j8 all 
arm-none-eabi-size  MKS12.elf 
   text	   data	    bss	    dec	    hex	filename
  34952	    284	   4164	  39400	   99e8	MKS12.elf
Finished building: default.size.stdout
 
10:29:15 **** Incremental Build of configuration Debug for project CV09-HID-MOUSE ****
make -j8 all 
arm-none-eabi-size  CV09-HID-MOUSE.elf 
   text	   data	    bss	    dec	    hex	filename
  34884	    284	   4164	  39332	   99a4	CV09-HID-MOUSE.elf
Finished building: default.size.stdout
 
10:34:52 **** Incremental Build of configuration Debug for project CV09-HID-MOUSE ****
make -j8 all 
arm-none-eabi-size  CV09-HID-MOUSE.elf 
   text	   data	    bss	    dec	    hex	filename
  34884	    284	   4164	  39332	   99a4	CV09-HID-MOUSE.elf
Finished building: default.size.stdout
 
10:43:37 **** Incremental Build of configuration Debug for project CV09-HID-MOUSE ****
make -j8 all 
arm-none-eabi-gcc "../Core/Src/main.c" -mcpu=cortex-m4 -std=gnu11 -g3 -DDEBUG -DUSE_HAL_DRIVER -DSTM32F429xx -c -I../Core/Inc -I../Drivers/STM32F4xx_HAL_Driver/Inc -I../Drivers/STM32F4xx_HAL_Driver/Inc/Legacy -I../Drivers/CMSIS/Device/ST/STM32F4xx/Include -I../Drivers/CMSIS/Include -I../USB_DEVICE/App -I../USB_DEVICE/Target -I../Middlewares/ST/STM32_USB_Device_Library/Core/Inc -I../Middlewares/ST/STM32_USB_Device_Library/Class/HID/Inc -O0 -ffunction-sections -fdata-sections -Wall -fstack-usage -fcyclomatic-complexity -MMD -MP -MF"Core/Src/main.d" -MT"Core/Src/main.o" --specs=nano.specs -mfpu=fpv4-sp-d16 -mfloat-abi=hard -mthumb -o "Core/Src/main.o"
arm-none-eabi-gcc -o "CV09-HID-MOUSE.elf" @"objects.list"   -mcpu=cortex-m4 -T"C:\Users\david.hamran\Documents\github\MPA-MKS\CV09-HID-MOUSE\STM32F429ZITX_FLASH.ld" --specs=nosys.specs -Wl,-Map="CV09-HID-MOUSE.map" -Wl,--gc-sections -static --specs=nano.specs -mfpu=fpv4-sp-d16 -mfloat-abi=hard -mthumb -Wl,--start-group -lc -lm -Wl,--end-group
Finished building target: CV09-HID-MOUSE.elf
 
arm-none-eabi-size  CV09-HID-MOUSE.elf 
arm-none-eabi-objdump -h -S CV09-HID-MOUSE.elf  > "CV09-HID-MOUSE.list"
   text	   data	    bss	    dec	    hex	filename
  34884	    284	   4164	  39332	   99a4	CV09-HID-MOUSE.elf
Finished building: default.size.stdout
 
Finished building: CV09-HID-MOUSE.list
 
10:45:02 **** Incremental Build of configuration Debug for project CV09-HID-MOUSE ****
make -j8 all 
arm-none-eabi-gcc "../Core/Src/main.c" -mcpu=cortex-m4 -std=gnu11 -g3 -DDEBUG -DUSE_HAL_DRIVER -DSTM32F429xx -c -I../Core/Inc -I../Drivers/STM32F4xx_HAL_Driver/Inc -I../Drivers/STM32F4xx_HAL_Driver/Inc/Legacy -I../Drivers/CMSIS/Device/ST/STM32F4xx/Include -I../Drivers/CMSIS/Include -I../USB_DEVICE/App -I../USB_DEVICE/Target -I../Middlewares/ST/STM32_USB_Device_Library/Core/Inc -I../Middlewares/ST/STM32_USB_Device_Library/Class/HID/Inc -O0 -ffunction-sections -fdata-sections -Wall -fstack-usage -fcyclomatic-complexity -MMD -MP -MF"Core/Src/main.d" -MT"Core/Src/main.o" --specs=nano.specs -mfpu=fpv4-sp-d16 -mfloat-abi=hard -mthumb -o "Core/Src/main.o"
arm-none-eabi-gcc -o "CV09-HID-MOUSE.elf" @"objects.list"   -mcpu=cortex-m4 -T"C:\Users\david.hamran\Documents\github\MPA-MKS\CV09-HID-MOUSE\STM32F429ZITX_FLASH.ld" --specs=nosys.specs -Wl,-Map="CV09-HID-MOUSE.map" -Wl,--gc-sections -static --specs=nano.specs -mfpu=fpv4-sp-d16 -mfloat-abi=hard -mthumb -Wl,--start-group -lc -lm -Wl,--end-group
Finished building target: CV09-HID-MOUSE.elf
 
arm-none-eabi-size  CV09-HID-MOUSE.elf 
arm-none-eabi-objdump -h -S CV09-HID-MOUSE.elf  > "CV09-HID-MOUSE.list"
   text	   data	    bss	    dec	    hex	filename
  34884	    284	   4164	  39332	   99a4	CV09-HID-MOUSE.elf
Finished building: default.size.stdout
 
Finished building: CV09-HID-MOUSE.list
 
10:46:59 **** Incremental Build of configuration Debug for project CV09-HID-MOUSE ****
make -j8 all 
arm-none-eabi-gcc "../Core/Src/main.c" -mcpu=cortex-m4 -std=gnu11 -g3 -DDEBUG -DUSE_HAL_DRIVER -DSTM32F429xx -c -I../Core/Inc -I../Drivers/STM32F4xx_HAL_Driver/Inc -I../Drivers/STM32F4xx_HAL_Driver/Inc/Legacy -I../Drivers/CMSIS/Device/ST/STM32F4xx/Include -I../Drivers/CMSIS/Include -I../USB_DEVICE/App -I../USB_DEVICE/Target -I../Middlewares/ST/STM32_USB_Device_Library/Core/Inc -I../Middlewares/ST/STM32_USB_Device_Library/Class/HID/Inc -O0 -ffunction-sections -fdata-sections -Wall -fstack-usage -fcyclomatic-complexity -MMD -MP -MF"Core/Src/main.d" -MT"Core/Src/main.o" --specs=nano.specs -mfpu=fpv4-sp-d16 -mfloat-abi=hard -mthumb -o "Core/Src/main.o"
arm-none-eabi-gcc -o "CV09-HID-MOUSE.elf" @"objects.list"   -mcpu=cortex-m4 -T"C:\Users\david.hamran\Documents\github\MPA-MKS\CV09-HID-MOUSE\STM32F429ZITX_FLASH.ld" --specs=nosys.specs -Wl,-Map="CV09-HID-MOUSE.map" -Wl,--gc-sections -static --specs=nano.specs -mfpu=fpv4-sp-d16 -mfloat-abi=hard -mthumb -Wl,--start-group -lc -lm -Wl,--end-group
Finished building target: CV09-HID-MOUSE.elf
 
arm-none-eabi-size  CV09-HID-MOUSE.elf 
arm-none-eabi-objdump -h -S CV09-HID-MOUSE.elf  > "CV09-HID-MOUSE.list"
   text	   data	    bss	    dec	    hex	filename
  34884	    284	   4164	  39332	   99a4	CV09-HID-MOUSE.elf
Finished building: default.size.stdout
 
Finished building: CV09-HID-MOUSE.list
 
10:48:01 **** Incremental Build of configuration Debug for project CV09-HID-MOUSE ****
make -j8 all 
arm-none-eabi-gcc "../Core/Src/main.c" -mcpu=cortex-m4 -std=gnu11 -g3 -DDEBUG -DUSE_HAL_DRIVER -DSTM32F429xx -c -I../Core/Inc -I../Drivers/STM32F4xx_HAL_Driver/Inc -I../Drivers/STM32F4xx_HAL_Driver/Inc/Legacy -I../Drivers/CMSIS/Device/ST/STM32F4xx/Include -I../Drivers/CMSIS/Include -I../USB_DEVICE/App -I../USB_DEVICE/Target -I../Middlewares/ST/STM32_USB_Device_Library/Core/Inc -I../Middlewares/ST/STM32_USB_Device_Library/Class/HID/Inc -O0 -ffunction-sections -fdata-sections -Wall -fstack-usage -fcyclomatic-complexity -MMD -MP -MF"Core/Src/main.d" -MT"Core/Src/main.o" --specs=nano.specs -mfpu=fpv4-sp-d16 -mfloat-abi=hard -mthumb -o "Core/Src/main.o"
arm-none-eabi-gcc -o "CV09-HID-MOUSE.elf" @"objects.list"   -mcpu=cortex-m4 -T"C:\Users\david.hamran\Documents\github\MPA-MKS\CV09-HID-MOUSE\STM32F429ZITX_FLASH.ld" --specs=nosys.specs -Wl,-Map="CV09-HID-MOUSE.map" -Wl,--gc-sections -static --specs=nano.specs -mfpu=fpv4-sp-d16 -mfloat-abi=hard -mthumb -Wl,--start-group -lc -lm -Wl,--end-group
Finished building target: CV09-HID-MOUSE.elf
 
arm-none-eabi-size  CV09-HID-MOUSE.elf 
arm-none-eabi-objdump -h -S CV09-HID-MOUSE.elf  > "CV09-HID-MOUSE.list"
   text	   data	    bss	    dec	    hex	filename
  34884	    284	   4164	  39332	   99a4	CV09-HID-MOUSE.elf
Finished building: default.size.stdout
 
Finished building: CV09-HID-MOUSE.list
 
10:49:10 **** Incremental Build of configuration Debug for project CV09-HID-MOUSE ****
make -j8 all 
arm-none-eabi-gcc "../Core/Src/main.c" -mcpu=cortex-m4 -std=gnu11 -g3 -DDEBUG -DUSE_HAL_DRIVER -DSTM32F429xx -c -I../Core/Inc -I../Drivers/STM32F4xx_HAL_Driver/Inc -I../Drivers/STM32F4xx_HAL_Driver/Inc/Legacy -I../Drivers/CMSIS/Device/ST/STM32F4xx/Include -I../Drivers/CMSIS/Include -I../USB_DEVICE/App -I../USB_DEVICE/Target -I../Middlewares/ST/STM32_USB_Device_Library/Core/Inc -I../Middlewares/ST/STM32_USB_Device_Library/Class/HID/Inc -O0 -ffunction-sections -fdata-sections -Wall -fstack-usage -fcyclomatic-complexity -MMD -MP -MF"Core/Src/main.d" -MT"Core/Src/main.o" --specs=nano.specs -mfpu=fpv4-sp-d16 -mfloat-abi=hard -mthumb -o "Core/Src/main.o"
arm-none-eabi-gcc -o "CV09-HID-MOUSE.elf" @"objects.list"   -mcpu=cortex-m4 -T"C:\Users\david.hamran\Documents\github\MPA-MKS\CV09-HID-MOUSE\STM32F429ZITX_FLASH.ld" --specs=nosys.specs -Wl,-Map="CV09-HID-MOUSE.map" -Wl,--gc-sections -static --specs=nano.specs -mfpu=fpv4-sp-d16 -mfloat-abi=hard -mthumb -Wl,--start-group -lc -lm -Wl,--end-group
Finished building target: CV09-HID-MOUSE.elf
 
arm-none-eabi-size  CV09-HID-MOUSE.elf 
arm-none-eabi-objdump -h -S CV09-HID-MOUSE.elf  > "CV09-HID-MOUSE.list"
   text	   data	    bss	    dec	    hex	filename
  34884	    284	   4164	  39332	   99a4	CV09-HID-MOUSE.elf
Finished building: default.size.stdout
 
Finished building: CV09-HID-MOUSE.list
 
10:50:02 **** Incremental Build of configuration Debug for project CV09-HID-MOUSE ****
make -j8 all 
arm-none-eabi-gcc "../Core/Src/main.c" -mcpu=cortex-m4 -std=gnu11 -g3 -DDEBUG -DUSE_HAL_DRIVER -DSTM32F429xx -c -I../Core/Inc -I../Drivers/STM32F4xx_HAL_Driver/Inc -I../Drivers/STM32F4xx_HAL_Driver/Inc/Legacy -I../Drivers/CMSIS/Device/ST/STM32F4xx/Include -I../Drivers/CMSIS/Include -I../USB_DEVICE/App -I../USB_DEVICE/Target -I../Middlewares/ST/STM32_USB_Device_Library/Core/Inc -I../Middlewares/ST/STM32_USB_Device_Library/Class/HID/Inc -O0 -ffunction-sections -fdata-sections -Wall -fstack-usage -fcyclomatic-complexity -MMD -MP -MF"Core/Src/main.d" -MT"Core/Src/main.o" --specs=nano.specs -mfpu=fpv4-sp-d16 -mfloat-abi=hard -mthumb -o "Core/Src/main.o"
arm-none-eabi-gcc -o "CV09-HID-MOUSE.elf" @"objects.list"   -mcpu=cortex-m4 -T"C:\Users\david.hamran\Documents\github\MPA-MKS\CV09-HID-MOUSE\STM32F429ZITX_FLASH.ld" --specs=nosys.specs -Wl,-Map="CV09-HID-MOUSE.map" -Wl,--gc-sections -static --specs=nano.specs -mfpu=fpv4-sp-d16 -mfloat-abi=hard -mthumb -Wl,--start-group -lc -lm -Wl,--end-group
Finished building target: CV09-HID-MOUSE.elf
 
arm-none-eabi-size  CV09-HID-MOUSE.elf 
arm-none-eabi-objdump -h -S CV09-HID-MOUSE.elf  > "CV09-HID-MOUSE.list"
   text	   data	    bss	    dec	    hex	filename
  34884	    284	   4164	  39332	   99a4	CV09-HID-MOUSE.elf
Finished building: default.size.stdout
 
Finished building: CV09-HID-MOUSE.list
 
10:51:27 **** Incremental Build of configuration Debug for project CV09-HID-MOUSE ****
make -j8 all 
arm-none-eabi-gcc "../Core/Src/main.c" -mcpu=cortex-m4 -std=gnu11 -g3 -DDEBUG -DUSE_HAL_DRIVER -DSTM32F429xx -c -I../Core/Inc -I../Drivers/STM32F4xx_HAL_Driver/Inc -I../Drivers/STM32F4xx_HAL_Driver/Inc/Legacy -I../Drivers/CMSIS/Device/ST/STM32F4xx/Include -I../Drivers/CMSIS/Include -I../USB_DEVICE/App -I../USB_DEVICE/Target -I../Middlewares/ST/STM32_USB_Device_Library/Core/Inc -I../Middlewares/ST/STM32_USB_Device_Library/Class/HID/Inc -O0 -ffunction-sections -fdata-sections -Wall -fstack-usage -fcyclomatic-complexity -MMD -MP -MF"Core/Src/main.d" -MT"Core/Src/main.o" --specs=nano.specs -mfpu=fpv4-sp-d16 -mfloat-abi=hard -mthumb -o "Core/Src/main.o"
arm-none-eabi-gcc -o "CV09-HID-MOUSE.elf" @"objects.list"   -mcpu=cortex-m4 -T"C:\Users\david.hamran\Documents\github\MPA-MKS\CV09-HID-MOUSE\STM32F429ZITX_FLASH.ld" --specs=nosys.specs -Wl,-Map="CV09-HID-MOUSE.map" -Wl,--gc-sections -static --specs=nano.specs -mfpu=fpv4-sp-d16 -mfloat-abi=hard -mthumb -Wl,--start-group -lc -lm -Wl,--end-group
Finished building target: CV09-HID-MOUSE.elf
 
arm-none-eabi-size  CV09-HID-MOUSE.elf 
arm-none-eabi-objdump -h -S CV09-HID-MOUSE.elf  > "CV09-HID-MOUSE.list"
   text	   data	    bss	    dec	    hex	filename
  34884	    284	   4164	  39332	   99a4	CV09-HID-MOUSE.elf
Finished building: default.size.stdout
 
Finished building: CV09-HID-MOUSE.list
 
10:53:30 **** Incremental Build of configuration Debug for project CV09-HID-MOUSE ****
make -j8 all 
arm-none-eabi-gcc "../Core/Src/main.c" -mcpu=cortex-m4 -std=gnu11 -g3 -DDEBUG -DUSE_HAL_DRIVER -DSTM32F429xx -c -I../Core/Inc -I../Drivers/STM32F4xx_HAL_Driver/Inc -I../Drivers/STM32F4xx_HAL_Driver/Inc/Legacy -I../Drivers/CMSIS/Device/ST/STM32F4xx/Include -I../Drivers/CMSIS/Include -I../USB_DEVICE/App -I../USB_DEVICE/Target -I../Middlewares/ST/STM32_USB_Device_Library/Core/Inc -I../Middlewares/ST/STM32_USB_Device_Library/Class/HID/Inc -O0 -ffunction-sections -fdata-sections -Wall -fstack-usage -fcyclomatic-complexity -MMD -MP -MF"Core/Src/main.d" -MT"Core/Src/main.o" --specs=nano.specs -mfpu=fpv4-sp-d16 -mfloat-abi=hard -mthumb -o "Core/Src/main.o"
arm-none-eabi-gcc -o "CV09-HID-MOUSE.elf" @"objects.list"   -mcpu=cortex-m4 -T"C:\Users\david.hamran\Documents\github\MPA-MKS\CV09-HID-MOUSE\STM32F429ZITX_FLASH.ld" --specs=nosys.specs -Wl,-Map="CV09-HID-MOUSE.map" -Wl,--gc-sections -static --specs=nano.specs -mfpu=fpv4-sp-d16 -mfloat-abi=hard -mthumb -Wl,--start-group -lc -lm -Wl,--end-group
Finished building target: CV09-HID-MOUSE.elf
 
arm-none-eabi-size  CV09-HID-MOUSE.elf 
arm-none-eabi-objdump -h -S CV09-HID-MOUSE.elf  > "CV09-HID-MOUSE.list"
   text	   data	    bss	    dec	    hex	filename
  34884	    284	   4164	  39332	   99a4	CV09-HID-MOUSE.elf
Finished building: default.size.stdout
 
Finished building: CV09-HID-MOUSE.list
 
10:54:37 **** Incremental Build of configuration Debug for project CV09-HID-MOUSE ****
make -j8 all 
arm-none-eabi-gcc "../Core/Src/main.c" -mcpu=cortex-m4 -std=gnu11 -g3 -DDEBUG -DUSE_HAL_DRIVER -DSTM32F429xx -c -I../Core/Inc -I../Drivers/STM32F4xx_HAL_Driver/Inc -I../Drivers/STM32F4xx_HAL_Driver/Inc/Legacy -I../Drivers/CMSIS/Device/ST/STM32F4xx/Include -I../Drivers/CMSIS/Include -I../USB_DEVICE/App -I../USB_DEVICE/Target -I../Middlewares/ST/STM32_USB_Device_Library/Core/Inc -I../Middlewares/ST/STM32_USB_Device_Library/Class/HID/Inc -O0 -ffunction-sections -fdata-sections -Wall -fstack-usage -fcyclomatic-complexity -MMD -MP -MF"Core/Src/main.d" -MT"Core/Src/main.o" --specs=nano.specs -mfpu=fpv4-sp-d16 -mfloat-abi=hard -mthumb -o "Core/Src/main.o"
arm-none-eabi-gcc -o "CV09-HID-MOUSE.elf" @"objects.list"   -mcpu=cortex-m4 -T"C:\Users\david.hamran\Documents\github\MPA-MKS\CV09-HID-MOUSE\STM32F429ZITX_FLASH.ld" --specs=nosys.specs -Wl,-Map="CV09-HID-MOUSE.map" -Wl,--gc-sections -static --specs=nano.specs -mfpu=fpv4-sp-d16 -mfloat-abi=hard -mthumb -Wl,--start-group -lc -lm -Wl,--end-group
Finished building target: CV09-HID-MOUSE.elf
 
arm-none-eabi-size  CV09-HID-MOUSE.elf 
arm-none-eabi-objdump -h -S CV09-HID-MOUSE.elf  > "CV09-HID-MOUSE.list"
   text	   data	    bss	    dec	    hex	filename
  34896	    284	   4164	  39344	   99b0	CV09-HID-MOUSE.elf
Finished building: default.size.stdout
 
Finished building: CV09-HID-MOUSE.list
 
