14:04:37 **** Incremental Build of configuration Debug for project CV08 -MATRIX-KEYBOARD ****
make -j8 all 
arm-none-eabi-gcc "../Core/Src/main.c" -mcpu=cortex-m4 -std=gnu11 -g3 -DDEBUG -DUSE_HAL_DRIVER -DSTM32F429xx -c -I../Core/Inc -I../Drivers/STM32F4xx_HAL_Driver/Inc -I../Drivers/STM32F4xx_HAL_Driver/Inc/Legacy -I../Drivers/CMSIS/Device/ST/STM32F4xx/Include -I../Drivers/CMSIS/Include -O0 -ffunction-sections -fdata-sections -Wall -fstack-usage -fcyclomatic-complexity -MMD -MP -MF"Core/Src/main.d" -MT"Core/Src/main.o" --specs=nano.specs -mfpu=fpv4-sp-d16 -mfloat-abi=hard -mthumb -o "Core/Src/main.o"
arm-none-eabi-gcc -o "CV08 -MATRIX-KEYBOARD.elf" @"objects.list"   -mcpu=cortex-m4 -T"C:\Users\david.hamran\Documents\github\MPA-MKS\CV08 -MATRIX-KEYBOARD\STM32F429ZITX_FLASH.ld" --specs=nosys.specs -Wl,-Map="CV08 -MATRIX-KEYBOARD.map" -Wl,--gc-sections -static --specs=nano.specs -mfpu=fpv4-sp-d16 -mfloat-abi=hard -mthumb -Wl,--start-group -lc -lm -Wl,--end-group
Finished building target: CV08 -MATRIX-KEYBOARD.elf
 
arm-none-eabi-size  CV08\ -MATRIX-KEYBOARD.elf 
arm-none-eabi-objdump -h -S CV08\ -MATRIX-KEYBOARD.elf  > "CV08 -MATRIX-KEYBOARD.list"
   text	   data	    bss	    dec	    hex	filename
  16216	    112	   2072	  18400	   47e0	CV08 -MATRIX-KEYBOARD.elf
Finished building: default.size.stdout
 
Finished building: CV08 -MATRIX-KEYBOARD.list
 
14:04:44 **** Incremental Build of configuration Debug for project CV08 -MATRIX-KEYBOARD ****
make -j8 all 
arm-none-eabi-size  CV08\ -MATRIX-KEYBOARD.elf 
   text	   data	    bss	    dec	    hex	filename
  16216	    112	   2072	  18400	   47e0	CV08 -MATRIX-KEYBOARD.elf
Finished building: default.size.stdout
 
14:05:57 **** Incremental Build of configuration Debug for project CV08 -MATRIX-KEYBOARD ****
make -j8 all 
arm-none-eabi-gcc "../Core/Src/main.c" -mcpu=cortex-m4 -std=gnu11 -g3 -DDEBUG -DUSE_HAL_DRIVER -DSTM32F429xx -c -I../Core/Inc -I../Drivers/STM32F4xx_HAL_Driver/Inc -I../Drivers/STM32F4xx_HAL_Driver/Inc/Legacy -I../Drivers/CMSIS/Device/ST/STM32F4xx/Include -I../Drivers/CMSIS/Include -O0 -ffunction-sections -fdata-sections -Wall -fstack-usage -fcyclomatic-complexity -MMD -MP -MF"Core/Src/main.d" -MT"Core/Src/main.o" --specs=nano.specs -mfpu=fpv4-sp-d16 -mfloat-abi=hard -mthumb -o "Core/Src/main.o"
arm-none-eabi-gcc -o "CV08 -MATRIX-KEYBOARD.elf" @"objects.list"   -mcpu=cortex-m4 -T"C:\Users\david.hamran\Documents\github\MPA-MKS\CV08 -MATRIX-KEYBOARD\STM32F429ZITX_FLASH.ld" --specs=nosys.specs -Wl,-Map="CV08 -MATRIX-KEYBOARD.map" -Wl,--gc-sections -static --specs=nano.specs -mfpu=fpv4-sp-d16 -mfloat-abi=hard -mthumb -Wl,--start-group -lc -lm -Wl,--end-group
Finished building target: CV08 -MATRIX-KEYBOARD.elf
 
arm-none-eabi-size  CV08\ -MATRIX-KEYBOARD.elf 
arm-none-eabi-objdump -h -S CV08\ -MATRIX-KEYBOARD.elf  > "CV08 -MATRIX-KEYBOARD.list"
   text	   data	    bss	    dec	    hex	filename
  16248	    112	   2072	  18432	   4800	CV08 -MATRIX-KEYBOARD.elf
Finished building: default.size.stdout
 
Finished building: CV08 -MATRIX-KEYBOARD.list
 
14:07:38 **** Incremental Build of configuration Debug for project CV08 -MATRIX-KEYBOARD ****
make -j8 all 
arm-none-eabi-gcc "../Core/Src/main.c" -mcpu=cortex-m4 -std=gnu11 -g3 -DDEBUG -DUSE_HAL_DRIVER -DSTM32F429xx -c -I../Core/Inc -I../Drivers/STM32F4xx_HAL_Driver/Inc -I../Drivers/STM32F4xx_HAL_Driver/Inc/Legacy -I../Drivers/CMSIS/Device/ST/STM32F4xx/Include -I../Drivers/CMSIS/Include -O0 -ffunction-sections -fdata-sections -Wall -fstack-usage -fcyclomatic-complexity -MMD -MP -MF"Core/Src/main.d" -MT"Core/Src/main.o" --specs=nano.specs -mfpu=fpv4-sp-d16 -mfloat-abi=hard -mthumb -o "Core/Src/main.o"
arm-none-eabi-gcc -o "CV08 -MATRIX-KEYBOARD.elf" @"objects.list"   -mcpu=cortex-m4 -T"C:\Users\david.hamran\Documents\github\MPA-MKS\CV08 -MATRIX-KEYBOARD\STM32F429ZITX_FLASH.ld" --specs=nosys.specs -Wl,-Map="CV08 -MATRIX-KEYBOARD.map" -Wl,--gc-sections -static --specs=nano.specs -mfpu=fpv4-sp-d16 -mfloat-abi=hard -mthumb -Wl,--start-group -lc -lm -Wl,--end-group
Finished building target: CV08 -MATRIX-KEYBOARD.elf
 
arm-none-eabi-size  CV08\ -MATRIX-KEYBOARD.elf 
arm-none-eabi-objdump -h -S CV08\ -MATRIX-KEYBOARD.elf  > "CV08 -MATRIX-KEYBOARD.list"
   text	   data	    bss	    dec	    hex	filename
  16248	    112	   2072	  18432	   4800	CV08 -MATRIX-KEYBOARD.elf
Finished building: default.size.stdout
 
Finished building: CV08 -MATRIX-KEYBOARD.list
 
14:08:00 **** Incremental Build of configuration Debug for project CV08 -MATRIX-KEYBOARD ****
make -j8 all 
arm-none-eabi-size  CV08\ -MATRIX-KEYBOARD.elf 
   text	   data	    bss	    dec	    hex	filename
  16248	    112	   2072	  18432	   4800	CV08 -MATRIX-KEYBOARD.elf
Finished building: default.size.stdout
 
14:08:58 **** Incremental Build of configuration Debug for project CV08 -MATRIX-KEYBOARD ****
make -j8 all 
arm-none-eabi-gcc "../Core/Src/main.c" -mcpu=cortex-m4 -std=gnu11 -g3 -DDEBUG -DUSE_HAL_DRIVER -DSTM32F429xx -c -I../Core/Inc -I../Drivers/STM32F4xx_HAL_Driver/Inc -I../Drivers/STM32F4xx_HAL_Driver/Inc/Legacy -I../Drivers/CMSIS/Device/ST/STM32F4xx/Include -I../Drivers/CMSIS/Include -O0 -ffunction-sections -fdata-sections -Wall -fstack-usage -fcyclomatic-complexity -MMD -MP -MF"Core/Src/main.d" -MT"Core/Src/main.o" --specs=nano.specs -mfpu=fpv4-sp-d16 -mfloat-abi=hard -mthumb -o "Core/Src/main.o"
arm-none-eabi-gcc -o "CV08 -MATRIX-KEYBOARD.elf" @"objects.list"   -mcpu=cortex-m4 -T"C:\Users\david.hamran\Documents\github\MPA-MKS\CV08 -MATRIX-KEYBOARD\STM32F429ZITX_FLASH.ld" --specs=nosys.specs -Wl,-Map="CV08 -MATRIX-KEYBOARD.map" -Wl,--gc-sections -static --specs=nano.specs -mfpu=fpv4-sp-d16 -mfloat-abi=hard -mthumb -Wl,--start-group -lc -lm -Wl,--end-group
Finished building target: CV08 -MATRIX-KEYBOARD.elf
 
arm-none-eabi-size  CV08\ -MATRIX-KEYBOARD.elf 
arm-none-eabi-objdump -h -S CV08\ -MATRIX-KEYBOARD.elf  > "CV08 -MATRIX-KEYBOARD.list"
   text	   data	    bss	    dec	    hex	filename
  16248	    112	   2072	  18432	   4800	CV08 -MATRIX-KEYBOARD.elf
Finished building: default.size.stdout
 
Finished building: CV08 -MATRIX-KEYBOARD.list
 
14:10:24 **** Incremental Build of configuration Debug for project CV08 -MATRIX-KEYBOARD ****
make -j8 all 
arm-none-eabi-gcc "../Core/Src/main.c" -mcpu=cortex-m4 -std=gnu11 -g3 -DDEBUG -DUSE_HAL_DRIVER -DSTM32F429xx -c -I../Core/Inc -I../Drivers/STM32F4xx_HAL_Driver/Inc -I../Drivers/STM32F4xx_HAL_Driver/Inc/Legacy -I../Drivers/CMSIS/Device/ST/STM32F4xx/Include -I../Drivers/CMSIS/Include -O0 -ffunction-sections -fdata-sections -Wall -fstack-usage -fcyclomatic-complexity -MMD -MP -MF"Core/Src/main.d" -MT"Core/Src/main.o" --specs=nano.specs -mfpu=fpv4-sp-d16 -mfloat-abi=hard -mthumb -o "Core/Src/main.o"
arm-none-eabi-gcc -o "CV08 -MATRIX-KEYBOARD.elf" @"objects.list"   -mcpu=cortex-m4 -T"C:\Users\david.hamran\Documents\github\MPA-MKS\CV08 -MATRIX-KEYBOARD\STM32F429ZITX_FLASH.ld" --specs=nosys.specs -Wl,-Map="CV08 -MATRIX-KEYBOARD.map" -Wl,--gc-sections -static --specs=nano.specs -mfpu=fpv4-sp-d16 -mfloat-abi=hard -mthumb -Wl,--start-group -lc -lm -Wl,--end-group
Finished building target: CV08 -MATRIX-KEYBOARD.elf
 
arm-none-eabi-size  CV08\ -MATRIX-KEYBOARD.elf 
arm-none-eabi-objdump -h -S CV08\ -MATRIX-KEYBOARD.elf  > "CV08 -MATRIX-KEYBOARD.list"
   text	   data	    bss	    dec	    hex	filename
  16248	    112	   2072	  18432	   4800	CV08 -MATRIX-KEYBOARD.elf
Finished building: default.size.stdout
 
Finished building: CV08 -MATRIX-KEYBOARD.list
 
14:10:53 **** Incremental Build of configuration Debug for project CV08 -MATRIX-KEYBOARD ****
make -j8 all 
arm-none-eabi-size  CV08\ -MATRIX-KEYBOARD.elf 
   text	   data	    bss	    dec	    hex	filename
  16248	    112	   2072	  18432	   4800	CV08 -MATRIX-KEYBOARD.elf
Finished building: default.size.stdout
 
14:18:33 **** Build of configuration Debug for project CV07-huuuuh ****
make -j8 all 
arm-none-eabi-gcc "../Core/Src/main.c" -mcpu=cortex-m0 -std=gnu11 -g3 -DDEBUG -DUSE_HAL_DRIVER -DSTM32F030x8 -c -I../Core/Inc -I../Drivers/STM32F0xx_HAL_Driver/Inc -I../Drivers/STM32F0xx_HAL_Driver/Inc/Legacy -I../Drivers/CMSIS/Device/ST/STM32F0xx/Include -I../Drivers/CMSIS/Include -I../Middlewares/Third_Party/FreeRTOS/Source/include -I../Middlewares/Third_Party/FreeRTOS/Source/CMSIS_RTOS -I../Middlewares/Third_Party/FreeRTOS/Source/portable/GCC/ARM_CM0 -O0 -ffunction-sections -fdata-sections -Wall -fstack-usage -fcyclomatic-complexity -MMD -MP -MF"Core/Src/main.d" -MT"Core/Src/main.o" --specs=nano.specs -mfloat-abi=soft -mthumb -o "Core/Src/main.o"
arm-none-eabi-gcc -o "CV07-huuuuh.elf" @"objects.list"   -mcpu=cortex-m0 -T"C:\Users\david.hamran\Documents\github\MPA-MKS\CV07-huuuuh\STM32F030R8TX_FLASH.ld" --specs=nosys.specs -Wl,-Map="CV07-huuuuh.map" -Wl,--gc-sections -static --specs=nano.specs -mfloat-abi=soft -mthumb -Wl,--start-group -lc -lm -Wl,--end-group
Finished building target: CV07-huuuuh.elf
 
arm-none-eabi-size  CV07-huuuuh.elf 
arm-none-eabi-objdump -h -S CV07-huuuuh.elf  > "CV07-huuuuh.list"
   text	   data	    bss	    dec	    hex	filename
  26372	    124	   6212	  32708	   7fc4	CV07-huuuuh.elf
Finished building: default.size.stdout
 
Finished building: CV07-huuuuh.list
 
