17:45:28 **** Incremental Build of configuration Debug for project CV05-UART ****
make -j8 all 
arm-none-eabi-gcc "../Core/Src/main.c" -mcpu=cortex-m0 -std=gnu11 -g3 -DDEBUG -DUSE_HAL_DRIVER -DSTM32F030x8 -c -I../Core/Inc -I../Drivers/STM32F0xx_HAL_Driver/Inc -I../Drivers/STM32F0xx_HAL_Driver/Inc/Legacy -I../Drivers/CMSIS/Device/ST/STM32F0xx/Include -I../Drivers/CMSIS/Include -O0 -ffunction-sections -fdata-sections -Wall -fstack-usage -fcyclomatic-complexity -MMD -MP -MF"Core/Src/main.d" -MT"Core/Src/main.o" --specs=nano.specs -mfloat-abi=soft -mthumb -o "Core/Src/main.o"
arm-none-eabi-gcc -o "CV05-UART.elf" @"objects.list"   -mcpu=cortex-m0 -T"C:\Users\david.hamran\Documents\github\MPA-MKS\CV05-UART\STM32F030R8TX_FLASH.ld" --specs=nosys.specs -Wl,-Map="CV05-UART.map" -Wl,--gc-sections -static --specs=nano.specs -mfloat-abi=soft -mthumb -Wl,--start-group -lc -lm -Wl,--end-group
Finished building target: CV05-UART.elf
 
arm-none-eabi-size  CV05-UART.elf 
arm-none-eabi-objdump -h -S CV05-UART.elf  > "CV05-UART.list"
   text	   data	    bss	    dec	    hex	filename
  21640	    104	   2520	  24264	   5ec8	CV05-UART.elf
Finished building: default.size.stdout
 
Finished building: CV05-UART.list
 
17:48:33 **** Incremental Build of configuration Debug for project CV05-UART ****
make -j8 all 
arm-none-eabi-gcc "../Core/Src/main.c" -mcpu=cortex-m0 -std=gnu11 -g3 -DDEBUG -DUSE_HAL_DRIVER -DSTM32F030x8 -c -I../Core/Inc -I../Drivers/STM32F0xx_HAL_Driver/Inc -I../Drivers/STM32F0xx_HAL_Driver/Inc/Legacy -I../Drivers/CMSIS/Device/ST/STM32F0xx/Include -I../Drivers/CMSIS/Include -O0 -ffunction-sections -fdata-sections -Wall -fstack-usage -fcyclomatic-complexity -MMD -MP -MF"Core/Src/main.d" -MT"Core/Src/main.o" --specs=nano.specs -mfloat-abi=soft -mthumb -o "Core/Src/main.o"
arm-none-eabi-gcc -o "CV05-UART.elf" @"objects.list"   -mcpu=cortex-m0 -T"C:\Users\david.hamran\Documents\github\MPA-MKS\CV05-UART\STM32F030R8TX_FLASH.ld" --specs=nosys.specs -Wl,-Map="CV05-UART.map" -Wl,--gc-sections -static --specs=nano.specs -mfloat-abi=soft -mthumb -Wl,--start-group -lc -lm -Wl,--end-group
Finished building target: CV05-UART.elf
 
arm-none-eabi-size  CV05-UART.elf 
arm-none-eabi-objdump -h -S CV05-UART.elf  > "CV05-UART.list"
   text	   data	    bss	    dec	    hex	filename
  21620	    104	   2520	  24244	   5eb4	CV05-UART.elf
Finished building: default.size.stdout
 
Finished building: CV05-UART.list
 
18:03:44 **** Incremental Build of configuration Debug for project CV05-UART ****
make -j8 all 
arm-none-eabi-size  CV05-UART.elf 
   text	   data	    bss	    dec	    hex	filename
  21620	    104	   2520	  24244	   5eb4	CV05-UART.elf
Finished building: default.size.stdout
 
18:05:59 **** Incremental Build of configuration Debug for project CV05-UART ****
make -j8 all 
arm-none-eabi-size  CV05-UART.elf 
   text	   data	    bss	    dec	    hex	filename
  21620	    104	   2520	  24244	   5eb4	CV05-UART.elf
Finished building: default.size.stdout
 
18:10:54 **** Incremental Build of configuration Debug for project CV05-UART ****
make -j8 all 
arm-none-eabi-gcc "../Core/Src/main.c" -mcpu=cortex-m0 -std=gnu11 -g3 -DDEBUG -DUSE_HAL_DRIVER -DSTM32F030x8 -c -I../Core/Inc -I../Drivers/STM32F0xx_HAL_Driver/Inc -I../Drivers/STM32F0xx_HAL_Driver/Inc/Legacy -I../Drivers/CMSIS/Device/ST/STM32F0xx/Include -I../Drivers/CMSIS/Include -O0 -ffunction-sections -fdata-sections -Wall -fstack-usage -fcyclomatic-complexity -MMD -MP -MF"Core/Src/main.d" -MT"Core/Src/main.o" --specs=nano.specs -mfloat-abi=soft -mthumb -o "Core/Src/main.o"
arm-none-eabi-gcc -o "CV05-UART.elf" @"objects.list"   -mcpu=cortex-m0 -T"C:\Users\david.hamran\Documents\github\MPA-MKS\CV05-UART\STM32F030R8TX_FLASH.ld" --specs=nosys.specs -Wl,-Map="CV05-UART.map" -Wl,--gc-sections -static --specs=nano.specs -mfloat-abi=soft -mthumb -Wl,--start-group -lc -lm -Wl,--end-group
Finished building target: CV05-UART.elf
 
arm-none-eabi-size  CV05-UART.elf 
arm-none-eabi-objdump -h -S CV05-UART.elf  > "CV05-UART.list"
   text	   data	    bss	    dec	    hex	filename
  21324	    104	   2520	  23948	   5d8c	CV05-UART.elf
Finished building: default.size.stdout
 
Finished building: CV05-UART.list
 
